
> worth@0.0.0 test
> vitest


[1m[44m DEV [49m[22m [34mv4.0.14 [39m[90mD:/Documents/Vibe/Worthsmith[39m

 [31mÔØ»[39m src/App.test.jsx [2m([22m[2m26 tests[22m[2m | [22m[31m1 failed[39m[2m)[22m[33m 11782[2mms[22m[39m
       [32mÔ£ô[39m renders the app with Worthsmith branding[32m 165[2mms[22m[39m
       [32mÔ£ô[39m starts on step 1 (Outcome)[32m 48[2mms[22m[39m
       [32mÔ£ô[39m shows all 5 step indicators[32m 75[2mms[22m[39m
       [33m[2mÔ£ô[22m[39m disables back button on step 1 [33m 374[2mms[22m[39m
       [33m[2mÔ£ô[22m[39m navigates forward through steps [33m 362[2mms[22m[39m
       [33m[2mÔ£ô[22m[39m navigates backward through steps [33m 333[2mms[22m[39m
       [33m[2mÔ£ô[22m[39m captures outcome input [33m 360[2mms[22m[39m
       [33m[2mÔ£ô[22m[39m captures beneficiary input [33m 460[2mms[22m[39m
       [33m[2mÔ£ô[22m[39m persists data when navigating between steps [33m 555[2mms[22m[39m
       [33m[2mÔ£ô[22m[39m renders all three score sliders [33m 605[2mms[22m[39m
       [33m[2mÔ£ô[22m[39m shows default scores of 5 [33m 664[2mms[22m[39m
       [33m[2mÔ£ô[22m[39m updates score when slider changes [33m 669[2mms[22m[39m
       [33m[2mÔ£ô[22m[39m saves story with a title [33m 488[2mms[22m[39m
       [32mÔ£ô[39m does not save if title is cancelled[32m 164[2mms[22m[39m
       [33m[2mÔ£ô[22m[39m loads a saved story when clicked [33m 1059[2mms[22m[39m
       [33m[2mÔ£ô[22m[39m does not load if cancelled [33m 667[2mms[22m[39m
[31m       [31m├ù[31m deletes a story when confirmed[39m[32m 156[2mms[22m[39m
       [33m[2mÔ£ô[22m[39m generates value statement on final step [33m 1729[2mms[22m[39m
       [32mÔ£ô[39m fills form with example data[32m 145[2mms[22m[39m
       [33m[2mÔ£ô[22m[39m resets form data when confirmed [33m 364[2mms[22m[39m
       [33m[2mÔ£ô[22m[39m saves draft to localStorage [33m 317[2mms[22m[39m
       [32mÔ£ô[39m loads draft from localStorage on mount[32m 26[2mms[22m[39m
       [32mÔ£ô[39m saves stories array to localStorage[32m 134[2mms[22m[39m
       [33m[2mÔ£ô[22m[39m shows DO NOW for high impact, low effort, high confidence [33m 651[2mms[22m[39m
       [33m[2mÔ£ô[22m[39m shows SPIKE FIRST for high impact, low effort, low confidence [33m 637[2mms[22m[39m
       [33m[2mÔ£ô[22m[39m shows SAY NO for low impact, high effort [33m 570[2mms[22m[39m
node.exe : 
At line:1 char:1
+ & "C:\Program Files\nodejs/node.exe" "C:\Program Files\nodejs/node_mo ...
+ ~~~~~~~~~~~~~~~~~~~~~~~~~~~~~~~~~~~~~~~~~~~~~~~~~~~~~~~~~~~~~~~~~~~~~
    + CategoryInfo          : NotSpecified: (:String) [], RemoteException
    + FullyQualifiedErrorId : NativeCommandError
 
[31mÔÄ»ÔÄ»ÔÄ»ÔÄ»ÔÄ»ÔÄ»ÔÄ»[39m[1m[41m Failed Tests 1 [49m[22m[31mÔÄ»ÔÄ»ÔÄ»ÔÄ»ÔÄ»ÔÄ»ÔÄ»[39m

[41m[1m FAIL [22m[49m src/App.test.jsx[2m > [22mWorthsmithApp[2m > [22mDelete Story[2m > [22mdeletes a story 
when confirmed
[31m[1mTestingLibraryElementError[22m: Unable to find an element with the role "button"

There are no available roles.

Ignored nodes: comments, script, style
[36m<div[31m
  [33mclass[31m=[32m"font-medium text-sm text-slate-800 pr-8"[31m
[36m>[31m
  [0mStory to Delete[0m
[36m</div>[31m[39m
[90m [2mÔØ»[22m Object.getElementError node_modules/@testing-library/dom/dist/config.js:[2m37:19[22m[39m
[90m [2mÔØ»[22m node_modules/@testing-library/dom/dist/query-helpers.js:[2m76:38[22m[39m
[90m [2mÔØ»[22m node_modules/@testing-library/dom/dist/query-helpers.js:[2m52:17[22m[39m
[90m [2mÔØ»[22m node_modules/@testing-library/dom/dist/query-helpers.js:[2m95:19[22m[39m
[36m [2mÔØ»[22m src/App.test.jsx:[2m314:51[22m[39m
    [90m312| [39m
    [90m313| [39m      [90m// Find delete button by SVG path[39m
    [90m314| [39m      const deleteButton = within(storyContainer).getByRole('button', ÔÇª
    [90m   | [39m                                                  [31m^[39m
    [90m315| [39m
    [90m316| [39m      [90m// Mock confirm for delete[39m

[31m[2mÔÄ»ÔÄ»ÔÄ»ÔÄ»ÔÄ»ÔÄ»ÔÄ»ÔÄ»ÔÄ»ÔÄ»ÔÄ»ÔÄ»ÔÄ»ÔÄ»ÔÄ»ÔÄ»ÔÄ»ÔÄ»ÔÄ»ÔÄ»ÔÄ»ÔÄ»ÔÄ»ÔÄ»[1/1]ÔÄ»[22m[39m


[2m Test Files [22m [1m[31m1 failed[39m[22m[90m (1)[39m
[2m      Tests [22m [1m[31m1 failed[39m[22m[2m | [22m[1m[32m25 passed[39m[22m[90m (26)[39m
[2m   Start at [22m 14:38:11
[2m   Duration [22m 15.35s[2m (transform 301ms, setup 522ms, import 750ms, tests 11.78s, environment 1.86s)[22m

[1m[41m FAIL [49m[22m [31mTests failed. Watching for file changes...[39m
       [2mpress [22m[1mh[22m[2m to show help[22m[2m, [22m[2mpress [22m[1mq[22m[2m to quit[22m
c[3J[1m[44m RERUN [49m[22m [34m[2msrc/App.test.jsx [22m[34mx1 [34m[39m

 [2m[90mÔåô[39m[22m src/App.test.jsx [2m([22m[2m26 tests[22m[2m)[22m

[2m Test Files [22m [33m1 skipped[39m[90m (1)[39m
[2m      Tests [22m [90m (26)[39m
[2m   Start at [22m 15:53:53
[2m   Duration [22m 3.37s

[1m[41m CANCELLED [49m[22m [31mTest run cancelled. Watching for file changes...[39m
       [2mpress [22m[1mh[22m[2m to show help[22m[2m, [22m[2mpress [22m[1mq[22m[2m to quit[22m
c[3J[1m[44m RERUN [49m[22m [34m[2mrerun all tests [22m[34mx2 [34m[39m

 [32mÔ£ô[39m src/App.test.jsx [2m([22m[2m26 tests[22m[2m)[22m[33m 1396[2mms[22m[39m
       [33m[2mÔ£ô[22m[39m disables back button on step 1 [33m 404[2mms[22m[39m
       [33m[2mÔ£ô[22m[39m navigates forward through steps [33m 395[2mms[22m[39m
       [33m[2mÔ£ô[22m[39m navigates backward through steps [33m 316[2mms[22m[39m

[2m Test Files [22m [1m[32m1 passed[39m[22m[90m (1)[39m
[2m      Tests [22m [1m[32m6 passed[39m[22m[90m (26)[39m
[2m   Start at [22m 15:54:14
[2m   Duration [22m 2.25s

[1m[41m CANCELLED [49m[22m [31mTest run cancelled. Watching for file changes...[39m
       [2mpress [22m[1mh[22m[2m to show help[22m[2m, [22m[2mpress [22m[1mq[22m[2m to quit[22m
c[3J[1m[44m RERUN [49m[22m [34m[2mrerun all tests [22m[34mx3 [34m[39m

 [2m[90mÔåô[39m[22m src/App.test.jsx [2m([22m[2m26 tests[22m[2m)[22m

[2m Test Files [22m [33m1 skipped[39m[90m (1)[39m
[2m      Tests [22m [90m (26)[39m
[2m   Start at [22m 15:54:21
[2m   Duration [22m 771ms

[1m[41m CANCELLED [49m[22m [31mTest run cancelled. Watching for file changes...[39m
       [2mpress [22m[1mh[22m[2m to show help[22m[2m, [22m[2mpress [22m[1mq[22m[2m to quit[22m
c[3J[1m[44m RERUN [49m[22m [34m[2mrerun all tests [22m[34mx4 [34m[39m

 [2m[90mÔåô[39m[22m src/App.test.jsx [2m([22m[2m26 tests[22m[2m)[22m

[2m Test Files [22m [33m1 skipped[39m[90m (1)[39m
[2m      Tests [22m [90m (26)[39m
[2m   Start at [22m 15:54:26
[2m   Duration [22m 774ms

[1m[41m CANCELLED [49m[22m [31mTest run cancelled. Watching for file changes...[39m
       [2mpress [22m[1mh[22m[2m to show help[22m[2m, [22m[2mpress [22m[1mq[22m[2m to quit[22m
c[3J[1m[44m RERUN [49m[22m [34m[2mrerun all tests [22m[34mx5 [34m[39m

